[zencortex24.com/c/order-now05c7.html]
[backblue.gif]
[fade.gif]
[index.html]
[zencortex24.com/apple-touch-icon.png]
[zencortex24.com/apple-touch-icon-57x57.png]
[zencortex24.com/apple-touch-icon-72x72.png]
[zencortex24.com/apple-touch-icon-76x76.png]
[zencortex24.com/apple-touch-icon-114x114.png]
[zencortex24.com/apple-touch-icon-120x120.png]
[zencortex24.com/apple-touch-icon-144x144.png]
[zencortex24.com/apple-touch-icon-152x152.png]
[zencortex24.com/apple-touch-icon-180x180.png]
[zencortex24.com/apple-touch-icon-120x120-precomposed.png]
[zencortex24.com/favicon-32x32.png]
[zencortex24.com/favicon-16x16.png]
[zencortex24.com/assets/css/style.css]
[zencortex24.com/assets/img/PRODx1-500px.png]
[zencortex24.com/assets/img/cards.png]
[zencortex24.com/assets/img/PRODx6-500px.png]
[zencortex24.com/assets/img/PRODx3-500px.png]
[zencortex24.com/assets/img/stars.png]
[zencortex24.com/assets/img/signature.png]
[zencortex24.com/assets/img/book1.jpg]
[zencortex24.com/assets/img/book2.jpg]
[zencortex24.com/assets/img/i-grapes.jpg]
[zencortex24.com/assets/img/i-greenTea.jpg]
[zencortex24.com/assets/img/i-gymnema.jpg]
[zencortex24.com/assets/img/i-capsicum.jpg]
[zencortex24.com/assets/img/i-ginseng-root.jpg]
[zencortex24.com/assets/img/i-astagalus.jpg]
[zencortex24.com/assets/img/i-chromium-picolinate.jpg]
[zencortex24.com/assets/img/i-maca-root.jpg]
[zencortex24.com/assets/img/bottle-label.jpg]
[zencortex24.com/assets/img/label.jpg]
[zencortex24.com/assets/img/label-mobile.jpg]
[zencortex24.com/assets/img/product-image.png]
[zencortex24.com/assets/img/person1-m.jpg]
[zencortex24.com/assets/img/person2-m.jpg]
[zencortex24.com/assets/img/person3-m.jpg]
[zencortex24.com/assets/img/person4-m.jpg]
[zencortex24.com/assets/img/person6-m.jpg]
[zencortex24.com/assets/img/person7-m.jpg]
[zencortex24.com/assets/img/guarantee_badge.png]
[zencortex24.com/assets/img/refs.png]
[zencortex24.com/cdn-cgi/scripts/5c5dd728/cloudflare-static/email-decode.min.js]
[zencortex24.com/c/order-now05c7.html]
[zencortex24.com/assets/js/script.min.js]
[zencortex24.com/assets/img/hero-background.jpg]
[zencortex24.com/assets/css/style.css]
